2025-12-15 22:34:48,204 [INFO] 🚀 System Startup: Initializing resources...
2025-12-15 22:34:48,205 [INFO] 🔌 Connecting to InfluxDB...
2025-12-15 22:34:48,205 [CRITICAL] ❌ CRITICAL ERROR during Startup: "url" attribute is not str instance
2025-12-15 22:35:05,098 [INFO] 🚀 System Startup: Initializing resources...
2025-12-15 22:35:05,098 [INFO] 🔌 Connecting to InfluxDB...
2025-12-15 22:35:05,098 [CRITICAL] ❌ CRITICAL ERROR during Startup: "url" attribute is not str instance
2025-12-15 22:47:21,723 [INFO] 🚀 System Startup: Initializing resources...
2025-12-15 22:47:21,724 [INFO] 🔌 Connecting to InfluxDB...
2025-12-15 22:47:21,724 [CRITICAL] ❌ CRITICAL ERROR during Startup: "url" attribute is not str instance
2025-12-15 22:51:46,492 [INFO] 🚀 System Startup: Initializing resources...
2025-12-15 22:51:46,493 [INFO] 🔌 Connecting to InfluxDB...
2025-12-15 22:51:46,493 [CRITICAL] ❌ CRITICAL ERROR during Startup: "url" attribute is not str instance
2025-12-15 22:55:52,702 [INFO] 🚀 System Startup: Initializing resources...
2025-12-15 22:55:52,702 [INFO] 🔌 Connecting to InfluxDB...
2025-12-15 22:55:52,702 [CRITICAL] ❌ CRITICAL ERROR during Startup: "url" attribute is not str instance
2025-12-15 23:00:47,754 [INFO] 🚀 System Startup: Initializing resources...
2025-12-15 23:00:47,755 [INFO] 🔌 Connecting to InfluxDB...
2025-12-15 23:00:47,755 [CRITICAL] ❌ CRITICAL ERROR during Startup: "url" attribute is not str instance
2025-12-15 23:03:19,169 [INFO] 🚀 System Startup: Initializing resources...
2025-12-15 23:03:19,169 [INFO] 🔌 Connecting to InfluxDB...
2025-12-15 23:03:19,200 [INFO] 🧠 Loading AI Model: Model_A_6h_final.keras
2025-12-15 23:03:19,551 [INFO] ⚖️  Loading Scaler: scaler.pkl
2025-12-15 23:03:19,676 [INFO] ✅ Initialization complete. System is Healthy.
2025-12-15 23:03:19,677 [INFO] 🧹 Clearing old data from the database...
2025-12-15 23:03:19,699 [INFO] ✨ Database is clean!
2025-12-15 23:03:19,699 [INFO] 🔄 Starting execution cycle at 22:03:19 UTC
2025-12-15 23:03:20,354 [WARNING] ⚠️ API Warning for no2: Status 401
2025-12-15 23:03:21,214 [WARNING] ⚠️ API Warning for o3: Status 401
2025-12-15 23:03:21,603 [WARNING] ⚠️ API Warning for pm10: Status 401
2025-12-15 23:03:22,092 [WARNING] ⚠️ API Warning for pm25: Status 401
2025-12-15 23:03:22,433 [WARNING] ⚠️ API Warning for so2: Status 401
2025-12-15 23:03:22,436 [ERROR] ❌ No data retrieved. Aborting cycle.
2025-12-15 23:14:46,905 [INFO] 🚀 System Startup: Initializing resources...
2025-12-15 23:14:46,905 [INFO] 🔌 Connecting to InfluxDB...
2025-12-15 23:14:46,906 [CRITICAL] ❌ CRITICAL ERROR during Startup: "url" attribute is not str instance
2025-12-15 23:15:06,034 [INFO] 🚀 System Startup: Initializing resources...
2025-12-15 23:15:06,034 [INFO] 🔌 Connecting to InfluxDB...
2025-12-15 23:15:06,034 [CRITICAL] ❌ CRITICAL ERROR during Startup: "url" attribute is not str instance
2025-12-15 23:15:40,690 [INFO] 🚀 System Startup: Initializing resources...
2025-12-15 23:15:40,690 [INFO] 🔌 Connecting to InfluxDB...
2025-12-15 23:15:40,691 [CRITICAL] ❌ CRITICAL ERROR during Startup: "url" attribute is not str instance
2025-12-15 23:15:49,876 [INFO] 🚀 System Startup: Initializing resources...
2025-12-15 23:15:49,877 [INFO] 🔌 Connecting to InfluxDB...
2025-12-15 23:15:49,877 [CRITICAL] ❌ CRITICAL ERROR during Startup: "url" attribute is not str instance
2025-12-15 23:17:39,048 [INFO] 🚀 System Startup: Initializing resources...
2025-12-15 23:17:39,048 [INFO] 🔌 Connecting to InfluxDB...
2025-12-15 23:17:39,049 [CRITICAL] ❌ CRITICAL ERROR during Startup: "url" attribute is not str instance
2025-12-15 23:20:28,251 [INFO] 🚀 System Startup: Initializing resources...
2025-12-15 23:20:28,251 [INFO] 🔌 Connecting to InfluxDB...
2025-12-15 23:20:28,276 [INFO] 🧠 Loading AI Model: Model_A_6h_final.keras
2025-12-15 23:20:28,497 [INFO] ⚖️  Loading Scaler: scaler.pkl
2025-12-15 23:20:28,517 [INFO] ✅ Initialization complete. System is Healthy.
2025-12-15 23:20:28,518 [INFO] 🧹 Clearing old data from the database...
2025-12-15 23:20:28,537 [INFO] ✨ Database is clean!
2025-12-15 23:20:28,539 [INFO] 🔄 Starting execution cycle at 22:20:28 UTC
2025-12-15 23:20:29,044 [WARNING] ⚠️ API Warning for no2: Status 401
2025-12-15 23:20:29,506 [WARNING] ⚠️ API Warning for o3: Status 401
2025-12-15 23:20:30,962 [WARNING] ⚠️ API Warning for pm10: Status 401
2025-12-15 23:20:31,544 [WARNING] ⚠️ API Warning for pm25: Status 401
2025-12-15 23:20:32,098 [WARNING] ⚠️ API Warning for so2: Status 401
2025-12-15 23:20:32,101 [ERROR] ❌ No data retrieved. Aborting cycle.
2025-12-15 23:26:04,919 [INFO] 🚀 System Startup: Initializing resources...
2025-12-15 23:26:04,920 [INFO] 🔌 Connecting to InfluxDB...
2025-12-15 23:26:04,933 [INFO] 🧠 Loading AI Model: Model_A_6h_final.keras
2025-12-15 23:26:05,102 [INFO] ⚖️  Loading Scaler: scaler.pkl
2025-12-15 23:26:05,121 [INFO] ✅ Initialization complete. System is Healthy.
2025-12-15 23:26:05,122 [INFO] 🧹 Clearing old data from the database...
2025-12-15 23:26:05,133 [INFO] ✨ Database is clean!
2025-12-15 23:26:05,133 [INFO] 🔄 Starting execution cycle at 22:26:05 UTC
2025-12-15 23:26:09,361 [INFO] 🧹 Data cleaned and timestamps floored to nearest hour.
2025-12-15 23:26:09,406 [INFO] 📊 Data pivoted and resampled. Total hours available: 11
2025-12-15 23:26:09,406 [INFO] ✅ Sufficient data available. Proceeding with last 6 hours.
2025-12-15 23:26:09,407 [INFO] ✅ Data processing complete. Proceeding to storage and forecasting.
2025-12-15 23:26:09,408 [INFO] 🧹 Nuclear Cleaning Window: 2025-12-15T16:00:00Z to 2025-12-15T22:00:00Z
2025-12-15 23:26:09,455 [INFO] 📤 Uploading 6 rows of clean data...
2025-12-15 23:26:10,698 [INFO] 🧹 Nuclear Cleaning Forecast Window: 2025-12-15T22:00:00Z to 2025-12-16T01:00:00Z
2025-12-15 23:26:10,754 [INFO] 🔮 Forecast generated and stored.
2025-12-15 23:26:10,755 [INFO] ✅ Cycle completed successfully.
2025-12-16 01:25:09,255 [INFO] 🔄 Starting execution cycle at 00:25:09 UTC
2025-12-16 01:25:12,195 [INFO] 🧹 Data cleaned and timestamps floored to nearest hour.
2025-12-16 01:25:12,214 [INFO] 📊 Data pivoted and resampled. Total hours available: 11
2025-12-16 01:25:12,215 [INFO] ✅ Sufficient data available. Proceeding with last 6 hours.
2025-12-16 01:25:12,216 [INFO] ✅ Data processing complete. Proceeding to storage and forecasting.
2025-12-16 01:25:12,216 [INFO] 🧹 Nuclear Cleaning Window: 2025-12-15T18:00:00Z to 2025-12-16T00:00:00Z
2025-12-16 01:25:12,248 [INFO] 📤 Uploading 6 rows of clean data...
2025-12-16 01:25:12,393 [INFO] 🧹 Nuclear Cleaning Forecast Window: 2025-12-16T00:00:00Z to 2025-12-16T03:00:00Z
2025-12-16 01:25:12,407 [INFO] 🔮 Forecast generated and stored.
2025-12-16 01:25:12,407 [INFO] ✅ Cycle completed successfully.
2025-12-16 02:25:12,427 [INFO] 🔄 Starting execution cycle at 01:25:12 UTC
2025-12-16 02:25:15,044 [INFO] 🧹 Data cleaned and timestamps floored to nearest hour.
2025-12-16 02:25:15,061 [INFO] 📊 Data pivoted and resampled. Total hours available: 11
2025-12-16 02:25:15,062 [INFO] ✅ Sufficient data available. Proceeding with last 6 hours.
2025-12-16 02:25:15,063 [INFO] ✅ Data processing complete. Proceeding to storage and forecasting.
2025-12-16 02:25:15,063 [INFO] 🧹 Nuclear Cleaning Window: 2025-12-15T19:00:00Z to 2025-12-16T01:00:00Z
2025-12-16 02:25:15,103 [INFO] 📤 Uploading 6 rows of clean data...
2025-12-16 02:25:15,207 [INFO] 🧹 Nuclear Cleaning Forecast Window: 2025-12-16T01:00:00Z to 2025-12-16T04:00:00Z
2025-12-16 02:25:15,239 [INFO] 🔮 Forecast generated and stored.
2025-12-16 02:25:15,239 [INFO] ✅ Cycle completed successfully.
2025-12-16 17:22:42,115 [INFO] 🚀 System Startup: Initializing resources...
2025-12-16 17:22:42,116 [INFO] 🔌 Connecting to InfluxDB...
2025-12-16 17:22:42,144 [INFO] 🧠 Loading AI Model: Model_A_6h_final.keras
2025-12-16 17:22:42,512 [INFO] ⚖️  Loading Scaler: scaler.pkl
2025-12-16 17:22:42,634 [INFO] ✅ Initialization complete. System is Healthy.
2025-12-16 17:22:42,635 [INFO] 🧹 Clearing old data from the database...
2025-12-16 17:22:42,671 [INFO] ✨ Database is clean!
2025-12-16 17:22:42,671 [INFO] 🔄 Starting execution cycle at 16:22:42 UTC
2025-12-16 17:22:46,072 [INFO] 🧹 Data cleaned and timestamps floored to nearest hour.
2025-12-16 17:22:46,104 [INFO] 📊 Data pivoted and resampled. Total hours available: 11
2025-12-16 17:22:46,104 [INFO] ✅ Sufficient data available. Proceeding with last 6 hours.
2025-12-16 17:22:46,105 [INFO] ✅ Data processing complete. Proceeding to storage and forecasting.
2025-12-16 17:22:46,105 [INFO] 🧹 Nuclear Cleaning Window: 2025-12-16T10:00:00Z to 2025-12-16T16:00:00Z
2025-12-16 17:22:46,151 [INFO] 📤 Uploading 6 rows of clean data...
2025-12-16 17:22:47,250 [INFO] 🧹 Nuclear Cleaning Forecast Window: 2025-12-16T16:00:00Z to 2025-12-16T19:00:00Z
2025-12-16 17:22:47,305 [INFO] 🔮 Forecast generated and stored.
2025-12-16 17:22:47,307 [INFO] ✅ Cycle completed successfully.
2025-12-16 18:22:47,333 [INFO] 🔄 Starting execution cycle at 17:22:47 UTC
2025-12-16 18:22:51,610 [INFO] 🧹 Data cleaned and timestamps floored to nearest hour.
2025-12-16 18:22:51,665 [INFO] 📊 Data pivoted and resampled. Total hours available: 11
2025-12-16 18:22:51,665 [INFO] ✅ Sufficient data available. Proceeding with last 6 hours.
2025-12-16 18:22:51,667 [INFO] ✅ Data processing complete. Proceeding to storage and forecasting.
2025-12-16 18:22:51,668 [INFO] 🧹 Nuclear Cleaning Window: 2025-12-16T11:00:00Z to 2025-12-16T17:00:00Z
2025-12-16 18:22:51,733 [INFO] 📤 Uploading 6 rows of clean data...
2025-12-16 18:22:52,176 [INFO] 🧹 Nuclear Cleaning Forecast Window: 2025-12-16T17:00:00Z to 2025-12-16T20:00:00Z
2025-12-16 18:22:52,238 [INFO] 🔮 Forecast generated and stored.
2025-12-16 18:22:52,239 [INFO] ✅ Cycle completed successfully.
2025-12-16 18:42:11,843 [INFO] 🚀 System Startup: Initializing resources...
2025-12-16 18:42:11,843 [INFO] 🔌 Connecting to InfluxDB...
2025-12-16 18:42:11,866 [INFO] 🧠 Loading AI Model: Model_A_6h_final.keras
2025-12-16 18:42:12,152 [INFO] ⚖️  Loading Scaler: scaler.pkl
2025-12-16 18:42:12,194 [INFO] ✅ Initialization complete. System is Healthy.
2025-12-16 18:42:12,194 [INFO] 🧹 Clearing old data from the database...
2025-12-16 18:42:12,258 [INFO] ✨ Database is clean!
2025-12-16 18:42:12,259 [INFO] 🔄 Starting execution cycle at 17:42:12 UTC
2025-12-16 18:42:15,197 [INFO] 🧹 Data cleaned and timestamps floored to nearest hour.
2025-12-16 18:42:15,209 [INFO] 📊 Data pivoted and resampled. Total hours available: 11
2025-12-16 18:42:15,210 [INFO] ✅ Sufficient data available. Proceeding with last 6 hours.
2025-12-16 18:42:15,210 [INFO] ✅ Data processing complete. Proceeding to storage and forecasting.
2025-12-16 18:42:15,210 [INFO] 🧹 Nuclear Cleaning Window: 2025-12-16T11:00:00Z to 2025-12-16T17:00:00Z
2025-12-16 18:42:15,213 [INFO] 📤 Uploading 6 rows of clean data...
2025-12-16 18:42:16,202 [INFO] 🧹 Nuclear Cleaning Forecast Window: 2025-12-16T17:00:00Z to 2025-12-16T20:00:00Z
2025-12-16 18:42:16,259 [INFO] 🔮 Forecast generated and stored.
2025-12-16 18:42:16,261 [INFO] ✅ Cycle completed successfully.
2025-12-16 19:42:16,316 [INFO] 🔄 Starting execution cycle at 18:42:16 UTC
2025-12-16 19:42:19,563 [INFO] 🧹 Data cleaned and timestamps floored to nearest hour.
2025-12-16 19:42:19,603 [INFO] 📊 Data pivoted and resampled. Total hours available: 11
2025-12-16 19:42:19,603 [INFO] ✅ Sufficient data available. Proceeding with last 6 hours.
2025-12-16 19:42:19,604 [INFO] ✅ Data processing complete. Proceeding to storage and forecasting.
2025-12-16 19:42:19,605 [INFO] 🧹 Nuclear Cleaning Window: 2025-12-16T12:00:00Z to 2025-12-16T18:00:00Z
2025-12-16 19:42:19,655 [INFO] 📤 Uploading 6 rows of clean data...
2025-12-16 19:42:19,909 [INFO] 🧹 Nuclear Cleaning Forecast Window: 2025-12-16T18:00:00Z to 2025-12-16T21:00:00Z
2025-12-16 19:42:19,946 [INFO] 🔮 Forecast generated and stored.
2025-12-16 19:42:19,947 [INFO] ✅ Cycle completed successfully.
2025-12-16 20:42:19,986 [INFO] 🔄 Starting execution cycle at 19:42:19 UTC
2025-12-16 20:42:24,125 [INFO] 🧹 Data cleaned and timestamps floored to nearest hour.
2025-12-16 20:42:24,142 [INFO] 📊 Data pivoted and resampled. Total hours available: 11
2025-12-16 20:42:24,142 [INFO] ✅ Sufficient data available. Proceeding with last 6 hours.
2025-12-16 20:42:24,143 [INFO] ✅ Data processing complete. Proceeding to storage and forecasting.
2025-12-16 20:42:24,143 [INFO] 🧹 Nuclear Cleaning Window: 2025-12-16T13:00:00Z to 2025-12-16T19:00:00Z
2025-12-16 20:42:24,182 [INFO] 📤 Uploading 6 rows of clean data...
2025-12-16 20:42:24,334 [INFO] 🧹 Nuclear Cleaning Forecast Window: 2025-12-16T19:00:00Z to 2025-12-16T22:00:00Z
2025-12-16 20:42:24,363 [INFO] 🔮 Forecast generated and stored.
2025-12-16 20:42:24,363 [INFO] ✅ Cycle completed successfully.
2025-12-16 21:42:24,368 [INFO] 🔄 Starting execution cycle at 20:42:24 UTC
2025-12-16 21:42:30,900 [INFO] 🧹 Data cleaned and timestamps floored to nearest hour.
2025-12-16 21:42:30,922 [INFO] 📊 Data pivoted and resampled. Total hours available: 11
2025-12-16 21:42:30,924 [INFO] ✅ Sufficient data available. Proceeding with last 6 hours.
2025-12-16 21:42:30,926 [INFO] ✅ Data processing complete. Proceeding to storage and forecasting.
2025-12-16 21:42:30,927 [INFO] 🧹 Nuclear Cleaning Window: 2025-12-16T14:00:00Z to 2025-12-16T20:00:00Z
2025-12-16 21:42:30,950 [INFO] 📤 Uploading 6 rows of clean data...
2025-12-16 21:42:31,079 [INFO] 🧹 Nuclear Cleaning Forecast Window: 2025-12-16T20:00:00Z to 2025-12-16T23:00:00Z
2025-12-16 21:42:31,095 [INFO] 🔮 Forecast generated and stored.
2025-12-16 21:42:31,095 [INFO] ✅ Cycle completed successfully.
